// Jest Snapshot v1, https://goo.gl/fbAQLP

exports[`FullPageCoverHeader should render 1`] = `
<div>
  <div
    class="LayerContext__Wrapper-sc-1aos3gl-1 cBBXXb"
  >
    <div
      class="ConfirmModalProvider__Wrapper-sc-61ybn0-0 jhIRov"
    >
      <div />
      <div
        data-testid="component-wrapper"
      >
        <div
          class="cover-full-page-header"
        >
          <div>
            FullPageCoverHeader
          </div>
        </div>
      </div>
    </div>
    <div
      class="BaseBox-bksIuc hlCpEz"
      data-blade-component="toast-container"
      pointer-events="none"
    >
      <div
        class="BaseBox-bksIuc hUnYPb"
        data-blade-component="base-box"
        data-testid="toast-mouseover-container"
        pointer-events="all"
      />
    </div>
  </div>
  <div
    class="LayerContext__LayerHost-sc-1aos3gl-0 cqBzuf"
    data-testid="layerTestId"
    id="layerHost"
  />
</div>
`;
