// Jest Snapshot v1, https://goo.gl/fbAQLP

exports[`AadharError should show the Error screen 1`] = `<AadharError />`;

exports[`ESignVerification should show the disabled form when checkbox is true 1`] = `
<ESignVerification
  disabled={false}
  showAddressProofDoc={[Function]}
/>
`;

exports[`VerifyOTP should throw an validation message if otp field doesn't have  4 digit number 1`] = `
<input
  class="TextInputweb__StyledInput-sc-18gz688-1 hxHBWr Sizeweb__Size-sc-1e5yf1-0 exhaHT Spaceweb__Space-sc-1abqisc-0 gvLSev Flexweb__Flex-sc-1yhcoea-0 fCJFon"
  data-testid="ds-text-input"
  name="enteredOTP"
  placeholder="Enter text here"
  type="text"
  value="12"
/>
`;
